{
  "controls": {},
  "direct_fit": {
    "H1": {
      "grid": [
        -0.013461397083361597,
        -0.012620059765651497,
        -0.011778722447941398,
        -0.010937385130231297,
        -0.010096047812521198,
        -0.009254710494811098,
        -0.008413373177100999,
        -0.007572035859390898,
        -0.0067306985416807985,
        -0.005889361223970699,
        -0.005048023906260599,
        -0.004206686588550499,
        -0.0033653492708403993,
        -0.0025240119531302996,
        -0.0016826746354201996,
        -0.0008413373177100998,
        0.0,
        0.0008413373177100998,
        0.0016826746354201996,
        0.0025240119531302996,
        0.0033653492708403993,
        0.004206686588550499,
        0.005048023906260599,
        0.005889361223970699,
        0.0067306985416807985,
        0.007572035859390898,
        0.008413373177100999,
        0.009254710494811098,
        0.010096047812521198,
        0.010937385130231297,
        0.011778722447941398,
        0.012620059765651497,
        0.013461397083361597
      ],
      "grid_span_amplitude_ms": 19.2,
      "grid_span_tau2_per_s2": 0.026922794166723194,
      "one_sigma_amplitude_ms": null,
      "profile": [
        7.384411257386095,
        7.375728555170323,
        7.368462882291978,
        7.360363314989907,
        7.3533748273178015,
        7.345887743182707,
        7.338939767997835,
        7.332093891620899,
        7.32489336226338,
        7.318716599886712,
        7.311757911495436,
        7.30543798990553,
        7.29919218994877,
        7.292211709662083,
        7.286385663429246,
        7.280160731117214,
        7.273249726912924,
        7.26748550229809,
        7.261371030905542,
        7.254620034239488,
        7.248446952152937,
        7.242531280720578,
        7.236029151590048,
        7.228974369156285,
        7.22331446019047,
        7.217147518410915,
        7.21047847570806,
        7.203364215185919,
        7.197615451276847,
        7.191414642706066,
        7.184796304414492,
        7.1777950649030124,
        7.171394957776321
      ],
      "profile_at_paper": 7.261371030905542,
      "profile_at_zero": 7.273249726912924,
      "profile_drop_within_grid": 0.21301629960977397,
      "profile_peak_snr": 7.384411257386095,
      "tau2_at_1sigma_high": null,
      "tau2_at_1sigma_low": null,
      "tau2_best_fit_amplitude_ms": -9.6,
      "tau2_best_fit_per_s2": -0.013461397083361597,
      "tau2_paper_per_s2": 0.0016826746354201996,
      "unconstrained_on_grid": true
    },
    "L1": {
      "grid": [
        -0.013461397083361597,
        -0.012620059765651497,
        -0.011778722447941398,
        -0.010937385130231297,
        -0.010096047812521198,
        -0.009254710494811098,
        -0.008413373177100999,
        -0.007572035859390898,
        -0.0067306985416807985,
        -0.005889361223970699,
        -0.005048023906260599,
        -0.004206686588550499,
        -0.0033653492708403993,
        -0.0025240119531302996,
        -0.0016826746354201996,
        -0.0008413373177100998,
        0.0,
        0.0008413373177100998,
        0.0016826746354201996,
        0.0025240119531302996,
        0.0033653492708403993,
        0.004206686588550499,
        0.005048023906260599,
        0.005889361223970699,
        0.0067306985416807985,
        0.007572035859390898,
        0.008413373177100999,
        0.009254710494811098,
        0.010096047812521198,
        0.010937385130231297,
        0.011778722447941398,
        0.012620059765651497,
        0.013461397083361597
      ],
      "grid_span_amplitude_ms": 19.2,
      "grid_span_tau2_per_s2": 0.026922794166723194,
      "one_sigma_amplitude_ms": null,
      "profile": [
        5.533310332215422,
        5.538925423726319,
        5.544070127362884,
        5.548732050534053,
        5.552899229527228,
        5.5565601454968725,
        5.5597037397344735,
        5.5623194282082125,
        5.564977289045432,
        5.568489201721356,
        5.571468517958753,
        5.573905270087792,
        5.575790002302125,
        5.577113782128004,
        5.57786821114426,
        5.578045434955451,
        5.577882654444806,
        5.57897879254269,
        5.57949423327598,
        5.579421860531769,
        5.578755124963304,
        5.577488050844226,
        5.575615242194518,
        5.573131888192391,
        5.57032147477645,
        5.56877167899562,
        5.566609342646315,
        5.563830455435534,
        5.560431600542435,
        5.556409957056547,
        5.551763301746996,
        5.546490010173278,
        5.541111468962273
      ],
      "profile_at_paper": 5.57949423327598,
      "profile_at_zero": 5.577882654444806,
      "profile_drop_within_grid": 0.046183901060558696,
      "profile_peak_snr": 5.57949423327598,
      "tau2_at_1sigma_high": null,
      "tau2_at_1sigma_low": null,
      "tau2_best_fit_amplitude_ms": 1.2,
      "tau2_best_fit_per_s2": 0.0016826746354201996,
      "tau2_paper_per_s2": 0.0016826746354201996,
      "unconstrained_on_grid": true
    }
  },
  "gap_decomposition": {
    "H1": {
      "B1_injection_recovered_mean": 20.108843164776108,
      "B1_injection_recovered_std": 0.833595081939813,
      "B3_fisco_Hz": 67.63042224846346,
      "B3_fraction_of_sigma2_above_isco": 0.6919228405533989,
      "B3_sigma_if_truncated_at_isco": 20.709825714107712,
      "amplitude_scale_preferred_by_data": 0.19494958366489504,
      "coalescence_gps": 1126259462.4195924,
      "implied_distance_Mpc_if_scale_correct": 2103.1078512317413,
      "peak_snr": 7.273928125661218,
      "peak_time_in_segment_s": 2.01959228515625,
      "template_optimal_snr": 37.31184231798413
    },
    "H1_minus_L1_ms": 0.3662109375,
    "L1": {
      "B1_injection_recovered_mean": 20.06155723219361,
      "B1_injection_recovered_std": 1.0495127417277694,
      "B3_fisco_Hz": 67.63042224846346,
      "B3_fraction_of_sigma2_above_isco": 0.709442693473727,
      "B3_sigma_if_truncated_at_isco": 18.170671062442324,
      "amplitude_scale_preferred_by_data": 0.1655267980901694,
      "coalescence_gps": 1126259462.4192262,
      "implied_distance_Mpc_if_scale_correct": 2476.9403186102577,
      "peak_snr": 5.579860999865262,
      "peak_time_in_segment_s": 2.01922607421875,
      "template_optimal_snr": 33.709713860505396
    }
  },
  "inputs": {},
  "selfchecks": {
    "S1_B1_calibration_within_5pct": true,
    "S2_two_detectors_agree_within_5ms": true,
    "S3_amplitude_scale_below_1": true,
    "S4_direct_fit_profile_finite": true
  },
  "thresholds": {
    "S1_B1_calibration_within_5pct": true,
    "S2_two_detectors_agree_within_5ms": true,
    "S3_amplitude_scale_below_1": true,
    "S4_direct_fit_profile_finite": true,
    "T1_profile_flat_over_wide_grid": true,
    "T2_profile_drop_below_1sigma": true,
    "T3_zero_and_paper_indistinguishable": true
  }
}
